---
source: crates/lib/vm-compiler-for-ast-old/tests/python.rs
expression: bytecode for python/tests/fixtures_models/dataclass_positional.py
---
fn main(input: [], output: []):
    x = @dataclass_positional.get_x()
    y = @dataclass_positional.get_y()
    point = {"x": x, "y": y}
    return point
---
f0: [5 registers]
  s0:
    ExtCallSet(ActionCall { dst: r0, action_ref: TestActionRef("get_x"), args: [], resume: s1 })
  s1:
    CoreSet(Await { dst: r0, src: r0, resume: s2 })
  s2:
    ExcSet(ShouldBubble { dst: r1, src: r0 })
    CoreSet(JumpIf { target_state: s4, cond: r1 })
    CoreSet(Jump { target_state: s3 })
  s3:
    ExtCallSet(ActionCall { dst: r2, action_ref: TestActionRef("get_y"), args: [], resume: s5 })
  s4:
    ExcSet(Raise { src: r0 })
  s5:
    CoreSet(Await { dst: r2, src: r2, resume: s6 })
  s6:
    ExcSet(ShouldBubble { dst: r1, src: r2 })
    CoreSet(JumpIf { target_state: s8, cond: r1 })
    CoreSet(Jump { target_state: s7 })
  s7:
    PureSet(LoadConst { dst: r1, value: String("x") })
    PureSet(LoadConst { dst: r4, value: String("y") })
    PureSet(MakeDict { dst: r3, entries: [DictEntry { key: r1, value: r0 }, DictEntry { key: r4, value: r2 }] })
    CoreSet(Return { src: r3 })
  s8:
    ExcSet(Raise { src: r2 })
