---
source: crates/lib/vm-compiler-for-ast-old/tests/python.rs
expression: bytecode for python/tests/fixtures_control_flow/for_multi_action.py
---
fn main(input: [], output: []):
    items = [1, 2, 3]
    results = []
    for item in items:
        first = @for_multi_action.step_one_for(x=item)
        second = @for_multi_action.step_two_for(x=first)
        results = results + [second]
    return results
---
f0: [11 registers]
  s0:
    PureSet(LoadConst { dst: r1, value: Int(1) })
    PureSet(LoadConst { dst: r2, value: Int(2) })
    PureSet(LoadConst { dst: r3, value: Int(3) })
    PureSet(MakeList { dst: r0, items: [r1, r2, r3] })
    PureSet(MakeList { dst: r4, items: [] })
    PureSet(Copy { dst: r5, src: r0 })
    PureSet(LoadConst { dst: r6, value: Int(0) })
    PureSet(Length { dst: r7, src: r5 })
    CoreSet(Jump { target_state: s1 })
  s1:
    PureSet(Binary { kind: Lt, op: BinaryOp { dst: r3, a: r6, b: r7 } })
    CoreSet(JumpIf { target_state: s2, cond: r3 })
    CoreSet(Jump { target_state: s4 })
  s2:
    PureSet(Index { dst: r3, object: r5, index: r6 })
    PureSet(Copy { dst: r8, src: r3 })
    ExtCallSet(ActionCall { dst: r9, action_ref: TestActionRef("step_one_for"), args: [r8], resume: s5 })
  s3:
    PureSet(LoadConst { dst: r3, value: Int(1) })
    PureSet(Binary { kind: Add, op: BinaryOp { dst: r6, a: r6, b: r3 } })
    CoreSet(Jump { target_state: s1 })
  s4:
    CoreSet(Return { src: r4 })
  s5:
    CoreSet(Await { dst: r9, src: r9, resume: s6 })
  s6:
    ExcSet(IsException { dst: r3, src: r9, exception_type_id: None })
    CoreSet(JumpIf { target_state: s8, cond: r3 })
    CoreSet(Jump { target_state: s7 })
  s7:
    ExtCallSet(ActionCall { dst: r10, action_ref: TestActionRef("step_two_for"), args: [r9], resume: s9 })
  s8:
    ExcSet(Raise { src: r9 })
  s9:
    CoreSet(Await { dst: r10, src: r10, resume: s10 })
  s10:
    ExcSet(IsException { dst: r3, src: r10, exception_type_id: None })
    CoreSet(JumpIf { target_state: s12, cond: r3 })
    CoreSet(Jump { target_state: s11 })
  s11:
    PureSet(MakeList { dst: r3, items: [r10] })
    PureSet(Binary { kind: Add, op: BinaryOp { dst: r4, a: r4, b: r3 } })
    CoreSet(Jump { target_state: s3 })
  s12:
    ExcSet(Raise { src: r10 })
