---
source: crates/lib/vm-compiler-for-ast-old/tests/python.rs
expression: bytecode for python/tests/fixtures_gather/gather_with_args.py
---
f0: [5 registers]
  s0:
    ExtCallSet(ActionCall { dst: r3, action_ref: TestActionRef("compute_square"), args: [r0], resume: s1 })
  s1:
    ExtCallSet(ActionCall { dst: r4, action_ref: TestActionRef("compute_cube"), args: [r0], resume: s2 })
  s2:
    CoreSet(Await { dst: r1, src: r3, resume: s3 })
  s3:
    CoreSet(Await { dst: r2, src: r4, resume: s4 })
  s4:
    PureSet(MakeList { dst: r4, items: [r1, r2] })
    CoreSet(Return { src: r4 })
