---
source: crates/lib/vm-compiler-for-ast-old/tests/python.rs
expression: ast for python/tests/fixtures_sleep/sleep_aliased_import.py
---
Program {
    functions: [
        Spanned {
            value: FunctionDef {
                name: "main",
                io: Spanned {
                    value: IoDecl {
                        inputs: [],
                        outputs: [],
                    },
                    span: Span {
                        start_line: 0,
                        start_col: 0,
                        end_line: 0,
                        end_col: 0,
                    },
                },
                body: Spanned {
                    value: Block {
                        statements: [
                            Spanned {
                                value: Assignment {
                                    targets: [
                                        "val",
                                    ],
                                    value: Spanned {
                                        value: ActionCall {
                                            call: ActionCall {
                                                runtime: Python,
                                                action_name: "get_value_aliased_import",
                                                kwargs: [],
                                                policies: [],
                                                module_name: Some(
                                                    "sleep_aliased_import",
                                                ),
                                            },
                                        },
                                        span: Span {
                                            start_line: 2,
                                            start_col: 4,
                                            end_line: 2,
                                            end_col: 42,
                                        },
                                    },
                                },
                                span: Span {
                                    start_line: 2,
                                    start_col: 4,
                                    end_line: 2,
                                    end_col: 42,
                                },
                            },
                            Spanned {
                                value: Sleep {
                                    duration: Spanned {
                                        value: Literal {
                                            value: Int(
                                                3,
                                            ),
                                        },
                                        span: Span {
                                            start_line: 3,
                                            start_col: 22,
                                            end_line: 3,
                                            end_col: 23,
                                        },
                                    },
                                },
                                span: Span {
                                    start_line: 3,
                                    start_col: 4,
                                    end_line: 3,
                                    end_col: 24,
                                },
                            },
                            Spanned {
                                value: Assignment {
                                    targets: [
                                        "_return_tmp",
                                    ],
                                    value: Spanned {
                                        value: ActionCall {
                                            call: ActionCall {
                                                runtime: Python,
                                                action_name: "format_done_aliased_import",
                                                kwargs: [
                                                    Kwarg {
                                                        name: "value",
                                                        value: Spanned {
                                                            value: Variable {
                                                                name: "val",
                                                            },
                                                            span: Span {
                                                                start_line: 4,
                                                                start_col: 50,
                                                                end_line: 4,
                                                                end_col: 53,
                                                            },
                                                        },
                                                    },
                                                ],
                                                policies: [],
                                                module_name: Some(
                                                    "sleep_aliased_import",
                                                ),
                                            },
                                        },
                                        span: Span {
                                            start_line: 4,
                                            start_col: 4,
                                            end_line: 4,
                                            end_col: 54,
                                        },
                                    },
                                },
                                span: Span {
                                    start_line: 4,
                                    start_col: 4,
                                    end_line: 4,
                                    end_col: 54,
                                },
                            },
                            Spanned {
                                value: Return {
                                    value: Some(
                                        Spanned {
                                            value: Variable {
                                                name: "_return_tmp",
                                            },
                                            span: Span {
                                                start_line: 4,
                                                start_col: 4,
                                                end_line: 4,
                                                end_col: 54,
                                            },
                                        },
                                    ),
                                },
                                span: Span {
                                    start_line: 4,
                                    start_col: 4,
                                    end_line: 4,
                                    end_col: 54,
                                },
                            },
                        ],
                    },
                    span: Span {
                        start_line: 0,
                        start_col: 0,
                        end_line: 0,
                        end_col: 0,
                    },
                },
            },
            span: Span {
                start_line: 1,
                start_col: 0,
                end_line: 4,
                end_col: 54,
            },
        },
    ],
}
