---
source: crates/lib/vm-compiler-for-ast-old/tests/python.rs
expression: bytecode for python/tests/fixtures_try_except/try_stateful_outputs.py
---
fn main(input: [should_fail], output: []):
    recovered = False
    message = "start"
    try:
        value = @try_stateful_outputs.risky_action(should_fail=should_fail)
        message = @try_stateful_outputs.annotate_success(value=value, previous=message)
    except ValueError:
        message = @try_stateful_outputs.annotate_recovery(reason="fail", previous=message)
        recovered = True
    _return_tmp = @try_stateful_outputs.finalize_result(attempted=True, recovered=recovered, message=message)
    return _return_tmp
---
f0: [9 registers]
  s0:
    PureSet(LoadConst { dst: r1, value: Bool(false) })
    PureSet(LoadConst { dst: r2, value: String("start") })
    PureSet(LoadConst { dst: r4, value: String("ValueError") })
    ExtCallSet(ActionCall { dst: r5, action_ref: TestActionRef("risky_action"), args: [r0], resume: s3 })
  s1:
    PureSet(LoadConst { dst: r6, value: Bool(true) })
    ExtCallSet(ActionCall { dst: r8, action_ref: TestActionRef("finalize_result"), args: [r6, r1, r2], resume: s15 })
  s2:
    ExcSet(CatchException { src: r3 })
    PureSet(LoadConst { dst: r6, value: String("fail") })
    ExtCallSet(ActionCall { dst: r2, action_ref: TestActionRef("annotate_recovery"), args: [r6, r2], resume: s11 })
  s3:
    CoreSet(Await { dst: r5, src: r5, resume: s4 })
  s4:
    ExcSet(ShouldBubble { dst: r6, src: r5 })
    CoreSet(JumpIf { target_state: s6, cond: r6 })
    CoreSet(Jump { target_state: s5 })
  s5:
    ExtCallSet(ActionCall { dst: r2, action_ref: TestActionRef("annotate_success"), args: [r5, r2], resume: s7 })
  s6:
    PureSet(Copy { dst: r3, src: r5 })
    ExcSet(IsException { dst: r7, src: r3, exception_type_id: Some(r4) })
    CoreSet(JumpIf { target_state: s2, cond: r7 })
    ExcSet(Raise { src: r3 })
  s7:
    CoreSet(Await { dst: r2, src: r2, resume: s8 })
  s8:
    ExcSet(ShouldBubble { dst: r6, src: r2 })
    CoreSet(JumpIf { target_state: s10, cond: r6 })
    CoreSet(Jump { target_state: s9 })
  s9:
    CoreSet(Jump { target_state: s1 })
  s10:
    PureSet(Copy { dst: r3, src: r2 })
    ExcSet(IsException { dst: r7, src: r3, exception_type_id: Some(r4) })
    CoreSet(JumpIf { target_state: s2, cond: r7 })
    ExcSet(Raise { src: r3 })
  s11:
    CoreSet(Await { dst: r2, src: r2, resume: s12 })
  s12:
    ExcSet(ShouldBubble { dst: r6, src: r2 })
    CoreSet(JumpIf { target_state: s14, cond: r6 })
    CoreSet(Jump { target_state: s13 })
  s13:
    PureSet(LoadConst { dst: r1, value: Bool(true) })
    CoreSet(Jump { target_state: s1 })
  s14:
    ExcSet(Raise { src: r2 })
  s15:
    CoreSet(Await { dst: r8, src: r8, resume: s16 })
  s16:
    ExcSet(ShouldBubble { dst: r6, src: r8 })
    CoreSet(JumpIf { target_state: s18, cond: r6 })
    CoreSet(Jump { target_state: s17 })
  s17:
    CoreSet(Return { src: r8 })
  s18:
    ExcSet(Raise { src: r8 })
