---
source: crates/lib/vm-compiler-for-ast-old/tests/python.rs
expression: bytecode for python/tests/fixtures_actions/action_positional_args.py
---
fn main(input: [], output: []):
    result = @action_positional_args.add_numbers(a=10, b=20)
    return result
---
f0: [3 registers]
  s0:
    PureSet(LoadConst { dst: r1, value: Int(10) })
    PureSet(LoadConst { dst: r2, value: Int(20) })
    ExtCallSet(ActionCall { dst: r0, action_ref: TestActionRef("add_numbers"), args: [r1, r2], resume: s1 })
  s1:
    CoreSet(Await { dst: r0, src: r0, resume: s2 })
  s2:
    ExcSet(IsException { dst: r2, src: r0, exception_type_id: None })
    CoreSet(JumpIf { target_state: s4, cond: r2 })
    CoreSet(Jump { target_state: s3 })
  s3:
    CoreSet(Return { src: r0 })
  s4:
    CoreSet(Return { src: r0 })
