---
source: crates/lib/vm-compiler-for-ast-old/tests/python.rs
expression: "bytecode for python/tests/fixtures_workflow/workflow_helper_positional.py [compilation error]"
---
FunctionCompiler(
    Unsupported(
        FunctionCall {
            name: "multiply",
            reason: KeywordArguments,
        },
    ),
)
