---
source: crates/lib/vm-compiler-for-ast-old/tests/python.rs
expression: bytecode for python/tests/fixtures_gather/gather_to_variable.py
---
fn main(input: [], output: []):
    results = parallel:
        @gather_to_variable.fetch_value_1()
        @gather_to_variable.fetch_value_2()
        @gather_to_variable.fetch_value_3()
    return results
---
f0: [4 registers]
  s0:
    ExtCallSet(ActionCall { dst: r1, action_ref: TestActionRef("fetch_value_1"), args: [], resume: s1 })
  s1:
    ExtCallSet(ActionCall { dst: r2, action_ref: TestActionRef("fetch_value_2"), args: [], resume: s2 })
  s2:
    ExtCallSet(ActionCall { dst: r3, action_ref: TestActionRef("fetch_value_3"), args: [], resume: s3 })
  s3:
    CoreSet(Await { dst: r1, src: r1, resume: s4 })
  s4:
    CoreSet(Await { dst: r2, src: r2, resume: s5 })
  s5:
    CoreSet(Await { dst: r3, src: r3, resume: s6 })
  s6:
    PureSet(MakeList { dst: r0, items: [r1, r2, r3] })
    CoreSet(Return { src: r0 })
