---
source: crates/lib/vm-compiler-for-ast-old/tests/python.rs
expression: bytecode for python/tests/fixtures_control_flow/while_simple.py
---
fn main(input: [limit], output: []):
    i = 0
    while i < limit:
        i = @while_simple.increment(value=i)
    return i
---
f0: [3 registers]
  s0:
    PureSet(LoadConst { dst: r1, value: Int(0) })
    CoreSet(Jump { target_state: s1 })
  s1:
    PureSet(Binary { kind: Lt, op: BinaryOp { dst: r2, a: r1, b: r0 } })
    CoreSet(JumpIf { target_state: s2, cond: r2 })
    CoreSet(Jump { target_state: s3 })
  s2:
    ExtCallSet(ActionCall { dst: r1, action_ref: TestActionRef("increment"), args: [r1], resume: s4 })
  s3:
    CoreSet(Return { src: r1 })
  s4:
    CoreSet(Await { dst: r1, src: r1, resume: s5 })
  s5:
    ExcSet(IsException { dst: r2, src: r1, exception_type_id: None })
    CoreSet(JumpIf { target_state: s7, cond: r2 })
    CoreSet(Jump { target_state: s6 })
  s6:
    CoreSet(Jump { target_state: s1 })
  s7:
    ExcSet(Raise { src: r1 })
