---
source: crates/lib/vm-compiler-for-ast-old/tests/python.rs
expression: bytecode for python/tests/fixtures_sleep/sleep_import_asyncio.py
---
fn main(input: [], output: []):
    val = @sleep_import_asyncio.get_value_asyncio_import()
    sleep 1
    _return_tmp = @sleep_import_asyncio.format_done_asyncio_import(value=val)
    return _return_tmp
---
f0: [4 registers]
  s0:
    ExtCallSet(ActionCall { dst: r0, action_ref: TestActionRef("get_value_asyncio_import"), args: [], resume: s1 })
  s1:
    CoreSet(Await { dst: r0, src: r0, resume: s2 })
  s2:
    PureSet(LoadConst { dst: r2, value: Int(1) })
    ExtCallSet(Sleep { dst: r1, duration: r2, resume: s3 })
  s3:
    CoreSet(Await { dst: r1, src: r1, resume: s4 })
  s4:
    ExtCallSet(ActionCall { dst: r3, action_ref: TestActionRef("format_done_asyncio_import"), args: [r0], resume: s5 })
  s5:
    CoreSet(Await { dst: r3, src: r3, resume: s6 })
  s6:
    CoreSet(Return { src: r3 })
