---
source: crates/lib/vm-compiler-for-ast-old/tests/python.rs
expression: bytecode for python/tests/fixtures_models/pydantic_with_defaults.py
---
f0: [7 registers]
  s0:
    ExtCallSet(ActionCall { dst: r0, action_ref: TestActionRef("compute_value"), args: [], resume: s1 })
  s1:
    CoreSet(Await { dst: r0, src: r0, resume: s2 })
  s2:
    PureSet(LoadConst { dst: r2, value: String("value") })
    PureSet(LoadConst { dst: r3, value: String("status") })
    PureSet(LoadConst { dst: r4, value: String("ok") })
    PureSet(LoadConst { dst: r5, value: String("count") })
    PureSet(LoadConst { dst: r6, value: Int(0) })
    PureSet(MakeDict { dst: r1, entries: [DictEntry { key: r2, value: r0 }, DictEntry { key: r3, value: r4 }, DictEntry { key: r5, value: r6 }] })
    CoreSet(Return { src: r1 })
