---
source: crates/lib/vm-compiler-for-ast-old/tests/python.rs
expression: ast for python/tests/fixtures_control_flow/try_except_capture.py
---
Program {
    functions: [
        Spanned {
            value: FunctionDef {
                name: "main",
                io: Spanned {
                    value: IoDecl {
                        inputs: [],
                        outputs: [],
                    },
                    span: Span {
                        start_line: 0,
                        start_col: 0,
                        end_line: 0,
                        end_col: 0,
                    },
                },
                body: Spanned {
                    value: Block {
                        statements: [
                            Spanned {
                                value: TryExcept {
                                    handlers: [
                                        Spanned {
                                            value: ExceptHandler {
                                                exception_types: [
                                                    "ValueError",
                                                ],
                                                exception_var: Some(
                                                    "err",
                                                ),
                                                body: Spanned {
                                                    value: Block {
                                                        statements: [
                                                            Spanned {
                                                                value: Assignment {
                                                                    targets: [
                                                                        "result",
                                                                    ],
                                                                    value: Spanned {
                                                                        value: ActionCall {
                                                                            call: ActionCall {
                                                                                runtime: Python,
                                                                                action_name: "handle_error_capture",
                                                                                kwargs: [
                                                                                    Kwarg {
                                                                                        name: "error",
                                                                                        value: Spanned {
                                                                                            value: Variable {
                                                                                                name: "err",
                                                                                            },
                                                                                            span: Span {
                                                                                                start_line: 5,
                                                                                                start_col: 50,
                                                                                                end_line: 5,
                                                                                                end_col: 53,
                                                                                            },
                                                                                        },
                                                                                    },
                                                                                ],
                                                                                policies: [],
                                                                                module_name: Some(
                                                                                    "try_except_capture",
                                                                                ),
                                                                            },
                                                                        },
                                                                        span: Span {
                                                                            start_line: 5,
                                                                            start_col: 8,
                                                                            end_line: 5,
                                                                            end_col: 54,
                                                                        },
                                                                    },
                                                                },
                                                                span: Span {
                                                                    start_line: 5,
                                                                    start_col: 8,
                                                                    end_line: 5,
                                                                    end_col: 54,
                                                                },
                                                            },
                                                        ],
                                                    },
                                                    span: Span {
                                                        start_line: 4,
                                                        start_col: 4,
                                                        end_line: 5,
                                                        end_col: 54,
                                                    },
                                                },
                                            },
                                            span: Span {
                                                start_line: 4,
                                                start_col: 4,
                                                end_line: 5,
                                                end_col: 54,
                                            },
                                        },
                                    ],
                                    try_block: Spanned {
                                        value: Block {
                                            statements: [
                                                Spanned {
                                                    value: Assignment {
                                                        targets: [
                                                            "result",
                                                        ],
                                                        value: Spanned {
                                                            value: ActionCall {
                                                                call: ActionCall {
                                                                    runtime: Python,
                                                                    action_name: "risky_action_capture",
                                                                    kwargs: [],
                                                                    policies: [],
                                                                    module_name: Some(
                                                                        "try_except_capture",
                                                                    ),
                                                                },
                                                            },
                                                            span: Span {
                                                                start_line: 3,
                                                                start_col: 8,
                                                                end_line: 3,
                                                                end_col: 45,
                                                            },
                                                        },
                                                    },
                                                    span: Span {
                                                        start_line: 3,
                                                        start_col: 8,
                                                        end_line: 3,
                                                        end_col: 45,
                                                    },
                                                },
                                            ],
                                        },
                                        span: Span {
                                            start_line: 2,
                                            start_col: 4,
                                            end_line: 5,
                                            end_col: 54,
                                        },
                                    },
                                },
                                span: Span {
                                    start_line: 2,
                                    start_col: 4,
                                    end_line: 5,
                                    end_col: 54,
                                },
                            },
                            Spanned {
                                value: Return {
                                    value: Some(
                                        Spanned {
                                            value: Variable {
                                                name: "result",
                                            },
                                            span: Span {
                                                start_line: 6,
                                                start_col: 11,
                                                end_line: 6,
                                                end_col: 17,
                                            },
                                        },
                                    ),
                                },
                                span: Span {
                                    start_line: 6,
                                    start_col: 4,
                                    end_line: 6,
                                    end_col: 17,
                                },
                            },
                        ],
                    },
                    span: Span {
                        start_line: 0,
                        start_col: 0,
                        end_line: 0,
                        end_col: 0,
                    },
                },
            },
            span: Span {
                start_line: 1,
                start_col: 0,
                end_line: 6,
                end_col: 17,
            },
        },
    ],
}
