---
source: crates/lib/vm-compiler-for-ast-old/tests/python.rs
expression: ast for python/tests/fixtures_gather/gather_generator.py
---
Program {
    functions: [
        Spanned {
            value: FunctionDef {
                name: "main",
                io: Spanned {
                    value: IoDecl {
                        inputs: [
                            "items",
                            "multiplier",
                        ],
                        outputs: [],
                    },
                    span: Span {
                        start_line: 0,
                        start_col: 0,
                        end_line: 0,
                        end_col: 0,
                    },
                },
                body: Spanned {
                    value: Block {
                        statements: [
                            Spanned {
                                value: Assignment {
                                    targets: [
                                        "results",
                                    ],
                                    value: Spanned {
                                        value: SpreadExpr {
                                            collection: Spanned {
                                                value: Variable {
                                                    name: "items",
                                                },
                                                span: Span {
                                                    start_line: 3,
                                                    start_col: 68,
                                                    end_line: 3,
                                                    end_col: 73,
                                                },
                                            },
                                            loop_var: "item",
                                            call: Action(
                                                ActionCall {
                                                    action_name: "process_item",
                                                    kwargs: [
                                                        Kwarg {
                                                            name: "item",
                                                            value: Spanned {
                                                                value: Variable {
                                                                    name: "item",
                                                                },
                                                                span: Span {
                                                                    start_line: 3,
                                                                    start_col: 27,
                                                                    end_line: 3,
                                                                    end_col: 31,
                                                                },
                                                            },
                                                        },
                                                        Kwarg {
                                                            name: "multiplier",
                                                            value: Spanned {
                                                                value: Variable {
                                                                    name: "multiplier",
                                                                },
                                                                span: Span {
                                                                    start_line: 3,
                                                                    start_col: 44,
                                                                    end_line: 3,
                                                                    end_col: 54,
                                                                },
                                                            },
                                                        },
                                                    ],
                                                    policies: [],
                                                    module_name: Some(
                                                        "gather_generator",
                                                    ),
                                                },
                                            ),
                                        },
                                        span: Span {
                                            start_line: 2,
                                            start_col: 4,
                                            end_line: 5,
                                            end_col: 5,
                                        },
                                    },
                                },
                                span: Span {
                                    start_line: 2,
                                    start_col: 4,
                                    end_line: 5,
                                    end_col: 5,
                                },
                            },
                            Spanned {
                                value: Return {
                                    value: Some(
                                        Spanned {
                                            value: Variable {
                                                name: "results",
                                            },
                                            span: Span {
                                                start_line: 6,
                                                start_col: 11,
                                                end_line: 6,
                                                end_col: 18,
                                            },
                                        },
                                    ),
                                },
                                span: Span {
                                    start_line: 6,
                                    start_col: 4,
                                    end_line: 6,
                                    end_col: 18,
                                },
                            },
                        ],
                    },
                    span: Span {
                        start_line: 0,
                        start_col: 0,
                        end_line: 0,
                        end_col: 0,
                    },
                },
            },
            span: Span {
                start_line: 1,
                start_col: 0,
                end_line: 6,
                end_col: 18,
            },
        },
    ],
}
