---
source: crates/lib/vm-compiler-for-ast-old/tests/python.rs
expression: bytecode for python/tests/fixtures_gather/gather_run_action_spread.py
---
Ok(
    Executable {
        functions: [
            Function {
                states: [
                    State {
                        instructions: [
                            PureSet(
                                MakeList {
                                    dst: RegisterId(
                                        2,
                                    ),
                                    items: [],
                                },
                            ),
                            PureSet(
                                Copy {
                                    dst: RegisterId(
                                        3,
                                    ),
                                    src: RegisterId(
                                        0,
                                    ),
                                },
                            ),
                            PureSet(
                                LoadConst {
                                    dst: RegisterId(
                                        4,
                                    ),
                                    value: Int(
                                        0,
                                    ),
                                },
                            ),
                            PureSet(
                                Length {
                                    dst: RegisterId(
                                        5,
                                    ),
                                    src: RegisterId(
                                        3,
                                    ),
                                },
                            ),
                            CoreSet(
                                Jump {
                                    target_state: StateId(
                                        1,
                                    ),
                                },
                            ),
                        ],
                    },
                    State {
                        instructions: [
                            PureSet(
                                Binary {
                                    kind: Lt,
                                    op: BinaryOp {
                                        dst: RegisterId(
                                            6,
                                        ),
                                        a: RegisterId(
                                            4,
                                        ),
                                        b: RegisterId(
                                            5,
                                        ),
                                    },
                                },
                            ),
                            CoreSet(
                                JumpIf {
                                    target_state: StateId(
                                        2,
                                    ),
                                    cond: RegisterId(
                                        6,
                                    ),
                                },
                            ),
                            CoreSet(
                                Jump {
                                    target_state: StateId(
                                        4,
                                    ),
                                },
                            ),
                        ],
                    },
                    State {
                        instructions: [
                            PureSet(
                                Index {
                                    dst: RegisterId(
                                        6,
                                    ),
                                    object: RegisterId(
                                        3,
                                    ),
                                    index: RegisterId(
                                        4,
                                    ),
                                },
                            ),
                            ExtCallSet(
                                ActionCall {
                                    dst: RegisterId(
                                        7,
                                    ),
                                    action_ref: TestActionRef(
                                        "process_item",
                                    ),
                                    args: [
                                        RegisterId(
                                            6,
                                        ),
                                    ],
                                    resume: StateId(
                                        5,
                                    ),
                                },
                            ),
                        ],
                    },
                    State {
                        instructions: [
                            PureSet(
                                LoadConst {
                                    dst: RegisterId(
                                        6,
                                    ),
                                    value: Int(
                                        1,
                                    ),
                                },
                            ),
                            PureSet(
                                Binary {
                                    kind: Add,
                                    op: BinaryOp {
                                        dst: RegisterId(
                                            4,
                                        ),
                                        a: RegisterId(
                                            4,
                                        ),
                                        b: RegisterId(
                                            6,
                                        ),
                                    },
                                },
                            ),
                            CoreSet(
                                Jump {
                                    target_state: StateId(
                                        1,
                                    ),
                                },
                            ),
                        ],
                    },
                    State {
                        instructions: [
                            PureSet(
                                MakeList {
                                    dst: RegisterId(
                                        1,
                                    ),
                                    items: [],
                                },
                            ),
                            PureSet(
                                LoadConst {
                                    dst: RegisterId(
                                        9,
                                    ),
                                    value: Int(
                                        0,
                                    ),
                                },
                            ),
                            PureSet(
                                Length {
                                    dst: RegisterId(
                                        10,
                                    ),
                                    src: RegisterId(
                                        2,
                                    ),
                                },
                            ),
                            CoreSet(
                                Jump {
                                    target_state: StateId(
                                        6,
                                    ),
                                },
                            ),
                        ],
                    },
                    State {
                        instructions: [
                            PureSet(
                                MakeList {
                                    dst: RegisterId(
                                        8,
                                    ),
                                    items: [
                                        RegisterId(
                                            7,
                                        ),
                                    ],
                                },
                            ),
                            PureSet(
                                Binary {
                                    kind: Add,
                                    op: BinaryOp {
                                        dst: RegisterId(
                                            2,
                                        ),
                                        a: RegisterId(
                                            2,
                                        ),
                                        b: RegisterId(
                                            8,
                                        ),
                                    },
                                },
                            ),
                            CoreSet(
                                Jump {
                                    target_state: StateId(
                                        3,
                                    ),
                                },
                            ),
                        ],
                    },
                    State {
                        instructions: [
                            PureSet(
                                Binary {
                                    kind: Lt,
                                    op: BinaryOp {
                                        dst: RegisterId(
                                            6,
                                        ),
                                        a: RegisterId(
                                            9,
                                        ),
                                        b: RegisterId(
                                            10,
                                        ),
                                    },
                                },
                            ),
                            CoreSet(
                                JumpIf {
                                    target_state: StateId(
                                        7,
                                    ),
                                    cond: RegisterId(
                                        6,
                                    ),
                                },
                            ),
                            CoreSet(
                                Jump {
                                    target_state: StateId(
                                        9,
                                    ),
                                },
                            ),
                        ],
                    },
                    State {
                        instructions: [
                            PureSet(
                                Index {
                                    dst: RegisterId(
                                        6,
                                    ),
                                    object: RegisterId(
                                        2,
                                    ),
                                    index: RegisterId(
                                        9,
                                    ),
                                },
                            ),
                            CoreSet(
                                Await {
                                    dst: RegisterId(
                                        11,
                                    ),
                                    src: RegisterId(
                                        6,
                                    ),
                                    resume: StateId(
                                        10,
                                    ),
                                },
                            ),
                        ],
                    },
                    State {
                        instructions: [
                            PureSet(
                                LoadConst {
                                    dst: RegisterId(
                                        6,
                                    ),
                                    value: Int(
                                        1,
                                    ),
                                },
                            ),
                            PureSet(
                                Binary {
                                    kind: Add,
                                    op: BinaryOp {
                                        dst: RegisterId(
                                            9,
                                        ),
                                        a: RegisterId(
                                            9,
                                        ),
                                        b: RegisterId(
                                            6,
                                        ),
                                    },
                                },
                            ),
                            CoreSet(
                                Jump {
                                    target_state: StateId(
                                        6,
                                    ),
                                },
                            ),
                        ],
                    },
                    State {
                        instructions: [
                            ExtCallSet(
                                ActionCall {
                                    dst: RegisterId(
                                        12,
                                    ),
                                    action_ref: TestActionRef(
                                        "combine_results",
                                    ),
                                    args: [
                                        RegisterId(
                                            1,
                                        ),
                                    ],
                                    resume: StateId(
                                        11,
                                    ),
                                },
                            ),
                        ],
                    },
                    State {
                        instructions: [
                            PureSet(
                                MakeList {
                                    dst: RegisterId(
                                        7,
                                    ),
                                    items: [
                                        RegisterId(
                                            11,
                                        ),
                                    ],
                                },
                            ),
                            PureSet(
                                Binary {
                                    kind: Add,
                                    op: BinaryOp {
                                        dst: RegisterId(
                                            1,
                                        ),
                                        a: RegisterId(
                                            1,
                                        ),
                                        b: RegisterId(
                                            7,
                                        ),
                                    },
                                },
                            ),
                            CoreSet(
                                Jump {
                                    target_state: StateId(
                                        8,
                                    ),
                                },
                            ),
                        ],
                    },
                    State {
                        instructions: [
                            CoreSet(
                                Await {
                                    dst: RegisterId(
                                        12,
                                    ),
                                    src: RegisterId(
                                        12,
                                    ),
                                    resume: StateId(
                                        12,
                                    ),
                                },
                            ),
                        ],
                    },
                    State {
                        instructions: [
                            CoreSet(
                                Return {
                                    src: RegisterId(
                                        12,
                                    ),
                                },
                            ),
                        ],
                    },
                ],
                num_regs: 13,
            },
        ],
    },
)
