---
source: crates/lib/vm-compiler-for-ast-old/tests/python.rs
expression: bytecode for python/tests/fixtures_actions/action_no_assignment.py
---
Ok(
    Executable {
        functions: [
            Function {
                states: [
                    State {
                        instructions: [
                            PureSet(
                                LoadConst {
                                    dst: RegisterId(
                                        1,
                                    ),
                                    value: String(
                                        "starting",
                                    ),
                                },
                            ),
                            ExtCallSet(
                                ActionCall {
                                    dst: RegisterId(
                                        0,
                                    ),
                                    action_ref: TestActionRef(
                                        "log_event",
                                    ),
                                    args: [
                                        RegisterId(
                                            1,
                                        ),
                                    ],
                                    resume: StateId(
                                        1,
                                    ),
                                },
                            ),
                        ],
                    },
                    State {
                        instructions: [
                            CoreSet(
                                Await {
                                    dst: RegisterId(
                                        0,
                                    ),
                                    src: RegisterId(
                                        0,
                                    ),
                                    resume: StateId(
                                        2,
                                    ),
                                },
                            ),
                        ],
                    },
                    State {
                        instructions: [
                            ExtCallSet(
                                ActionCall {
                                    dst: RegisterId(
                                        2,
                                    ),
                                    action_ref: TestActionRef(
                                        "get_final_value",
                                    ),
                                    args: [],
                                    resume: StateId(
                                        3,
                                    ),
                                },
                            ),
                        ],
                    },
                    State {
                        instructions: [
                            CoreSet(
                                Await {
                                    dst: RegisterId(
                                        2,
                                    ),
                                    src: RegisterId(
                                        2,
                                    ),
                                    resume: StateId(
                                        4,
                                    ),
                                },
                            ),
                        ],
                    },
                    State {
                        instructions: [
                            PureSet(
                                LoadConst {
                                    dst: RegisterId(
                                        1,
                                    ),
                                    value: String(
                                        "finished",
                                    ),
                                },
                            ),
                            ExtCallSet(
                                ActionCall {
                                    dst: RegisterId(
                                        0,
                                    ),
                                    action_ref: TestActionRef(
                                        "log_event",
                                    ),
                                    args: [
                                        RegisterId(
                                            1,
                                        ),
                                    ],
                                    resume: StateId(
                                        5,
                                    ),
                                },
                            ),
                        ],
                    },
                    State {
                        instructions: [
                            CoreSet(
                                Await {
                                    dst: RegisterId(
                                        0,
                                    ),
                                    src: RegisterId(
                                        0,
                                    ),
                                    resume: StateId(
                                        6,
                                    ),
                                },
                            ),
                        ],
                    },
                    State {
                        instructions: [
                            CoreSet(
                                Return {
                                    src: RegisterId(
                                        2,
                                    ),
                                },
                            ),
                        ],
                    },
                ],
                num_regs: 3,
            },
        ],
    },
)
