---
source: crates/lib/vm-compiler-for-ast-old/tests/python.rs
expression: ast for python/tests/fixtures_models/dataclass_positional.py
---
Program {
    functions: [
        Spanned {
            value: FunctionDef {
                name: "main",
                io: Spanned {
                    value: IoDecl {
                        inputs: [],
                        outputs: [],
                    },
                    span: Span {
                        start_line: 0,
                        start_col: 0,
                        end_line: 0,
                        end_col: 0,
                    },
                },
                body: Spanned {
                    value: Block {
                        statements: [
                            Spanned {
                                value: Assignment {
                                    targets: [
                                        "x",
                                    ],
                                    value: Spanned {
                                        value: ActionCall {
                                            call: ActionCall {
                                                runtime: Python,
                                                action_name: "get_x",
                                                kwargs: [],
                                                policies: [],
                                                module_name: Some(
                                                    "dataclass_positional",
                                                ),
                                            },
                                        },
                                        span: Span {
                                            start_line: 2,
                                            start_col: 4,
                                            end_line: 2,
                                            end_col: 21,
                                        },
                                    },
                                },
                                span: Span {
                                    start_line: 2,
                                    start_col: 4,
                                    end_line: 2,
                                    end_col: 21,
                                },
                            },
                            Spanned {
                                value: Assignment {
                                    targets: [
                                        "y",
                                    ],
                                    value: Spanned {
                                        value: ActionCall {
                                            call: ActionCall {
                                                runtime: Python,
                                                action_name: "get_y",
                                                kwargs: [],
                                                policies: [],
                                                module_name: Some(
                                                    "dataclass_positional",
                                                ),
                                            },
                                        },
                                        span: Span {
                                            start_line: 3,
                                            start_col: 4,
                                            end_line: 3,
                                            end_col: 21,
                                        },
                                    },
                                },
                                span: Span {
                                    start_line: 3,
                                    start_col: 4,
                                    end_line: 3,
                                    end_col: 21,
                                },
                            },
                            Spanned {
                                value: Assignment {
                                    targets: [
                                        "point",
                                    ],
                                    value: Spanned {
                                        value: Dict {
                                            entries: [
                                                DictEntry {
                                                    key: Spanned {
                                                        value: Literal {
                                                            value: String(
                                                                "x",
                                                            ),
                                                        },
                                                        span: Span {
                                                            start_line: 0,
                                                            start_col: 0,
                                                            end_line: 0,
                                                            end_col: 0,
                                                        },
                                                    },
                                                    value: Spanned {
                                                        value: Variable {
                                                            name: "x",
                                                        },
                                                        span: Span {
                                                            start_line: 5,
                                                            start_col: 18,
                                                            end_line: 5,
                                                            end_col: 19,
                                                        },
                                                    },
                                                },
                                                DictEntry {
                                                    key: Spanned {
                                                        value: Literal {
                                                            value: String(
                                                                "y",
                                                            ),
                                                        },
                                                        span: Span {
                                                            start_line: 0,
                                                            start_col: 0,
                                                            end_line: 0,
                                                            end_col: 0,
                                                        },
                                                    },
                                                    value: Spanned {
                                                        value: Variable {
                                                            name: "y",
                                                        },
                                                        span: Span {
                                                            start_line: 5,
                                                            start_col: 21,
                                                            end_line: 5,
                                                            end_col: 22,
                                                        },
                                                    },
                                                },
                                            ],
                                        },
                                        span: Span {
                                            start_line: 5,
                                            start_col: 12,
                                            end_line: 5,
                                            end_col: 23,
                                        },
                                    },
                                },
                                span: Span {
                                    start_line: 5,
                                    start_col: 4,
                                    end_line: 5,
                                    end_col: 23,
                                },
                            },
                            Spanned {
                                value: Return {
                                    value: Some(
                                        Spanned {
                                            value: Variable {
                                                name: "point",
                                            },
                                            span: Span {
                                                start_line: 6,
                                                start_col: 11,
                                                end_line: 6,
                                                end_col: 16,
                                            },
                                        },
                                    ),
                                },
                                span: Span {
                                    start_line: 6,
                                    start_col: 4,
                                    end_line: 6,
                                    end_col: 16,
                                },
                            },
                        ],
                    },
                    span: Span {
                        start_line: 0,
                        start_col: 0,
                        end_line: 0,
                        end_col: 0,
                    },
                },
            },
            span: Span {
                start_line: 1,
                start_col: 0,
                end_line: 6,
                end_col: 16,
            },
        },
    ],
}
