---
source: crates/lib/vm-compiler-for-ast-old/tests/python.rs
expression: bytecode for python/tests/fixtures_conditional/if_multiple_calls.py
---
fn main(input: [value], output: []):
    if value > 0:
        a = @if_multiple_calls.if_step_one(value=value)
        b = @if_multiple_calls.if_step_two(value=a)
        return b
    else:
        return 0
---
f0: [5 registers]
  s0:
    PureSet(LoadConst { dst: r1, value: Int(0) })
    PureSet(Binary { kind: Gt, op: BinaryOp { dst: r2, a: r0, b: r1 } })
    CoreSet(JumpIf { target_state: s2, cond: r2 })
    PureSet(LoadConst { dst: r2, value: Int(0) })
    CoreSet(Return { src: r2 })
  s1:
  s2:
    ExtCallSet(ActionCall { dst: r3, action_ref: TestActionRef("if_step_one"), args: [r0], resume: s3 })
  s3:
    CoreSet(Await { dst: r3, src: r3, resume: s4 })
  s4:
    ExcSet(ShouldBubble { dst: r2, src: r3 })
    CoreSet(JumpIf { target_state: s6, cond: r2 })
    CoreSet(Jump { target_state: s5 })
  s5:
    ExtCallSet(ActionCall { dst: r4, action_ref: TestActionRef("if_step_two"), args: [r3], resume: s7 })
  s6:
    ExcSet(Raise { src: r3 })
  s7:
    CoreSet(Await { dst: r4, src: r4, resume: s8 })
  s8:
    ExcSet(ShouldBubble { dst: r2, src: r4 })
    CoreSet(JumpIf { target_state: s10, cond: r2 })
    CoreSet(Jump { target_state: s9 })
  s9:
    CoreSet(Return { src: r4 })
  s10:
    ExcSet(Raise { src: r4 })
