---
source: crates/lib/vm-compiler-for-ast-old/tests/python.rs
expression: bytecode for python/tests/fixtures_actions/action_mixed_args.py
---
Ok(
    Executable {
        functions: [
            Function {
                states: [
                    State {
                        instructions: [
                            PureSet(
                                LoadConst {
                                    dst: RegisterId(
                                        1,
                                    ),
                                    value: Int(
                                        5,
                                    ),
                                },
                            ),
                            PureSet(
                                LoadConst {
                                    dst: RegisterId(
                                        2,
                                    ),
                                    value: Int(
                                        10,
                                    ),
                                },
                            ),
                            PureSet(
                                LoadConst {
                                    dst: RegisterId(
                                        3,
                                    ),
                                    value: Int(
                                        2,
                                    ),
                                },
                            ),
                            CoreSet(
                                ExtCall {
                                    dst: RegisterId(
                                        0,
                                    ),
                                    extcall_id: TestExtCallId(
                                        "compute_value",
                                    ),
                                    args: [
                                        RegisterId(
                                            1,
                                        ),
                                        RegisterId(
                                            2,
                                        ),
                                        RegisterId(
                                            3,
                                        ),
                                    ],
                                    resume: StateId(
                                        1,
                                    ),
                                },
                            ),
                        ],
                    },
                    State {
                        instructions: [
                            CoreSet(
                                Await {
                                    dst: RegisterId(
                                        0,
                                    ),
                                    src: RegisterId(
                                        0,
                                    ),
                                    resume: StateId(
                                        2,
                                    ),
                                },
                            ),
                        ],
                    },
                    State {
                        instructions: [
                            CoreSet(
                                Return {
                                    src: RegisterId(
                                        0,
                                    ),
                                },
                            ),
                        ],
                    },
                ],
                num_regs: 4,
            },
        ],
    },
)
