---
source: crates/lib/vm-compiler-for-ast-old/tests/python.rs
expression: ast for python/tests/fixtures_for_loop/for_continue.py
---
Program {
    functions: [
        Spanned {
            value: FunctionDef {
                name: "main",
                io: Spanned {
                    value: IoDecl {
                        inputs: [
                            "items",
                        ],
                        outputs: [],
                    },
                    span: Span {
                        start_line: 0,
                        start_col: 0,
                        end_line: 0,
                        end_col: 0,
                    },
                },
                body: Spanned {
                    value: Block {
                        statements: [
                            Spanned {
                                value: Assignment {
                                    targets: [
                                        "total",
                                    ],
                                    value: Spanned {
                                        value: Literal {
                                            value: Int(
                                                0,
                                            ),
                                        },
                                        span: Span {
                                            start_line: 2,
                                            start_col: 12,
                                            end_line: 2,
                                            end_col: 13,
                                        },
                                    },
                                },
                                span: Span {
                                    start_line: 2,
                                    start_col: 4,
                                    end_line: 2,
                                    end_col: 13,
                                },
                            },
                            Spanned {
                                value: ForLoop {
                                    loop_vars: [
                                        "item",
                                    ],
                                    iterable: Spanned {
                                        value: Variable {
                                            name: "items",
                                        },
                                        span: Span {
                                            start_line: 3,
                                            start_col: 16,
                                            end_line: 3,
                                            end_col: 21,
                                        },
                                    },
                                    body: Spanned {
                                        value: Block {
                                            statements: [
                                                Spanned {
                                                    value: Assignment {
                                                        targets: [
                                                            "skip",
                                                        ],
                                                        value: Spanned {
                                                            value: ActionCall {
                                                                call: ActionCall {
                                                                    runtime: Python,
                                                                    action_name: "should_skip",
                                                                    kwargs: [
                                                                        Kwarg {
                                                                            name: "value",
                                                                            value: Spanned {
                                                                                value: Variable {
                                                                                    name: "item",
                                                                                },
                                                                                span: Span {
                                                                                    start_line: 4,
                                                                                    start_col: 39,
                                                                                    end_line: 4,
                                                                                    end_col: 43,
                                                                                },
                                                                            },
                                                                        },
                                                                    ],
                                                                    policies: [],
                                                                    module_name: Some(
                                                                        "for_continue",
                                                                    ),
                                                                },
                                                            },
                                                            span: Span {
                                                                start_line: 4,
                                                                start_col: 8,
                                                                end_line: 4,
                                                                end_col: 44,
                                                            },
                                                        },
                                                    },
                                                    span: Span {
                                                        start_line: 4,
                                                        start_col: 8,
                                                        end_line: 4,
                                                        end_col: 44,
                                                    },
                                                },
                                                Spanned {
                                                    value: Conditional {
                                                        if_branch: Spanned {
                                                            value: IfBranch {
                                                                condition: Spanned {
                                                                    value: Variable {
                                                                        name: "skip",
                                                                    },
                                                                    span: Span {
                                                                        start_line: 5,
                                                                        start_col: 11,
                                                                        end_line: 5,
                                                                        end_col: 15,
                                                                    },
                                                                },
                                                                body: Spanned {
                                                                    value: Block {
                                                                        statements: [
                                                                            Spanned {
                                                                                value: Continue,
                                                                                span: Span {
                                                                                    start_line: 6,
                                                                                    start_col: 12,
                                                                                    end_line: 6,
                                                                                    end_col: 20,
                                                                                },
                                                                            },
                                                                        ],
                                                                    },
                                                                    span: Span {
                                                                        start_line: 5,
                                                                        start_col: 8,
                                                                        end_line: 6,
                                                                        end_col: 20,
                                                                    },
                                                                },
                                                            },
                                                            span: Span {
                                                                start_line: 5,
                                                                start_col: 8,
                                                                end_line: 6,
                                                                end_col: 20,
                                                            },
                                                        },
                                                        elif_branches: [],
                                                        else_branch: None,
                                                    },
                                                    span: Span {
                                                        start_line: 5,
                                                        start_col: 8,
                                                        end_line: 6,
                                                        end_col: 20,
                                                    },
                                                },
                                                Spanned {
                                                    value: Assignment {
                                                        targets: [
                                                            "result",
                                                        ],
                                                        value: Spanned {
                                                            value: ActionCall {
                                                                call: ActionCall {
                                                                    runtime: Python,
                                                                    action_name: "process_item",
                                                                    kwargs: [
                                                                        Kwarg {
                                                                            name: "value",
                                                                            value: Spanned {
                                                                                value: Variable {
                                                                                    name: "item",
                                                                                },
                                                                                span: Span {
                                                                                    start_line: 7,
                                                                                    start_col: 42,
                                                                                    end_line: 7,
                                                                                    end_col: 46,
                                                                                },
                                                                            },
                                                                        },
                                                                    ],
                                                                    policies: [],
                                                                    module_name: Some(
                                                                        "for_continue",
                                                                    ),
                                                                },
                                                            },
                                                            span: Span {
                                                                start_line: 7,
                                                                start_col: 8,
                                                                end_line: 7,
                                                                end_col: 47,
                                                            },
                                                        },
                                                    },
                                                    span: Span {
                                                        start_line: 7,
                                                        start_col: 8,
                                                        end_line: 7,
                                                        end_col: 47,
                                                    },
                                                },
                                                Spanned {
                                                    value: Assignment {
                                                        targets: [
                                                            "total",
                                                        ],
                                                        value: Spanned {
                                                            value: BinaryOp {
                                                                left: Spanned {
                                                                    value: Variable {
                                                                        name: "total",
                                                                    },
                                                                    span: Span {
                                                                        start_line: 8,
                                                                        start_col: 16,
                                                                        end_line: 8,
                                                                        end_col: 21,
                                                                    },
                                                                },
                                                                op: Add,
                                                                right: Spanned {
                                                                    value: Variable {
                                                                        name: "result",
                                                                    },
                                                                    span: Span {
                                                                        start_line: 8,
                                                                        start_col: 24,
                                                                        end_line: 8,
                                                                        end_col: 30,
                                                                    },
                                                                },
                                                            },
                                                            span: Span {
                                                                start_line: 8,
                                                                start_col: 16,
                                                                end_line: 8,
                                                                end_col: 30,
                                                            },
                                                        },
                                                    },
                                                    span: Span {
                                                        start_line: 8,
                                                        start_col: 8,
                                                        end_line: 8,
                                                        end_col: 30,
                                                    },
                                                },
                                            ],
                                        },
                                        span: Span {
                                            start_line: 3,
                                            start_col: 4,
                                            end_line: 8,
                                            end_col: 30,
                                        },
                                    },
                                },
                                span: Span {
                                    start_line: 3,
                                    start_col: 4,
                                    end_line: 8,
                                    end_col: 30,
                                },
                            },
                            Spanned {
                                value: Return {
                                    value: Some(
                                        Spanned {
                                            value: Variable {
                                                name: "total",
                                            },
                                            span: Span {
                                                start_line: 9,
                                                start_col: 11,
                                                end_line: 9,
                                                end_col: 16,
                                            },
                                        },
                                    ),
                                },
                                span: Span {
                                    start_line: 9,
                                    start_col: 4,
                                    end_line: 9,
                                    end_col: 16,
                                },
                            },
                        ],
                    },
                    span: Span {
                        start_line: 0,
                        start_col: 0,
                        end_line: 0,
                        end_col: 0,
                    },
                },
            },
            span: Span {
                start_line: 1,
                start_col: 0,
                end_line: 9,
                end_col: 16,
            },
        },
    ],
}
