---
source: crates/lib/vm-compiler-for-ast-old/tests/python.rs
expression: bytecode for python/tests/fixtures_actions/action_variable_args.py
---
fn main(input: [factor], output: []):
    base = @action_variable_args.get_base_value()
    result = @action_variable_args.multiply_by(value=base, factor=factor)
    return result
---
f0: [3 registers]
  s0:
    ExtCallSet(ActionCall { dst: r1, action_ref: TestActionRef("get_base_value"), args: [], resume: s1 })
  s1:
    CoreSet(Await { dst: r1, src: r1, resume: s2 })
  s2:
    ExtCallSet(ActionCall { dst: r2, action_ref: TestActionRef("multiply_by"), args: [r1, r0], resume: s3 })
  s3:
    CoreSet(Await { dst: r2, src: r2, resume: s4 })
  s4:
    CoreSet(Return { src: r2 })
