---
source: crates/lib/vm-compiler-for-ast-old/tests/python.rs
expression: bytecode for python/tests/fixtures_control_flow/if_elif_else.py
---
f0: [4 registers]
  s0:
    PureSet(LoadConst { dst: r1, value: Int(1) })
    PureSet(Binary { kind: Eq, op: BinaryOp { dst: r2, a: r0, b: r1 } })
    CoreSet(JumpIf { target_state: s2, cond: r2 })
    PureSet(LoadConst { dst: r2, value: Int(2) })
    PureSet(Binary { kind: Eq, op: BinaryOp { dst: r1, a: r0, b: r2 } })
    CoreSet(JumpIf { target_state: s3, cond: r1 })
    PureSet(LoadConst { dst: r1, value: Int(3) })
    PureSet(Binary { kind: Eq, op: BinaryOp { dst: r2, a: r0, b: r1 } })
    CoreSet(JumpIf { target_state: s4, cond: r2 })
    ExtCallSet(ActionCall { dst: r3, action_ref: TestActionRef("handle_default"), args: [], resume: s5 })
  s1:
    CoreSet(Return { src: r3 })
  s2:
    ExtCallSet(ActionCall { dst: r3, action_ref: TestActionRef("handle_case_a"), args: [], resume: s7 })
  s3:
    ExtCallSet(ActionCall { dst: r3, action_ref: TestActionRef("handle_case_b"), args: [], resume: s9 })
  s4:
    ExtCallSet(ActionCall { dst: r3, action_ref: TestActionRef("handle_case_c"), args: [], resume: s11 })
  s5:
    CoreSet(Await { dst: r3, src: r3, resume: s6 })
  s6:
    CoreSet(Jump { target_state: s1 })
  s7:
    CoreSet(Await { dst: r3, src: r3, resume: s8 })
  s8:
    CoreSet(Jump { target_state: s1 })
  s9:
    CoreSet(Await { dst: r3, src: r3, resume: s10 })
  s10:
    CoreSet(Jump { target_state: s1 })
  s11:
    CoreSet(Await { dst: r3, src: r3, resume: s12 })
  s12:
    CoreSet(Jump { target_state: s1 })
