---
source: crates/lib/vm-compiler-for-ast-old/tests/python.rs
expression: bytecode for python/tests/fixtures_comprehension/list_comprehension_assignment.py
---
fn main(input: [users], output: []):
    active_users = []
    for user in users:
        if user.active:
            active_users = active_users + [user]
    return active_users
---
f0: [7 registers]
  s0:
    PureSet(MakeList { dst: r1, items: [] })
    PureSet(Copy { dst: r2, src: r0 })
    PureSet(LoadConst { dst: r3, value: Int(0) })
    PureSet(Length { dst: r4, src: r2 })
    CoreSet(Jump { target_state: s1 })
  s1:
    PureSet(Binary { kind: Lt, op: BinaryOp { dst: r5, a: r3, b: r4 } })
    CoreSet(JumpIf { target_state: s2, cond: r5 })
    CoreSet(Jump { target_state: s4 })
  s2:
    PureSet(Index { dst: r5, object: r2, index: r3 })
    PureSet(Copy { dst: r6, src: r5 })
    PureSet(Dot { dst: r5, object: r6, attribute: "active" })
    CoreSet(JumpIf { target_state: s6, cond: r5 })
    CoreSet(Jump { target_state: s5 })
  s3:
    PureSet(LoadConst { dst: r5, value: Int(1) })
    PureSet(Binary { kind: Add, op: BinaryOp { dst: r3, a: r3, b: r5 } })
    CoreSet(Jump { target_state: s1 })
  s4:
    CoreSet(Return { src: r1 })
  s5:
    CoreSet(Jump { target_state: s3 })
  s6:
    PureSet(MakeList { dst: r5, items: [r6] })
    PureSet(Binary { kind: Add, op: BinaryOp { dst: r1, a: r1, b: r5 } })
    CoreSet(Jump { target_state: s5 })
