---
source: crates/lib/vm-compiler-for-ast-old/tests/python.rs
expression: ast for python/tests/fixtures_for_loop/for_concat_accumulator.py
---
Program {
    functions: [
        Spanned {
            value: FunctionDef {
                name: "main",
                io: Spanned {
                    value: IoDecl {
                        inputs: [
                            "items",
                        ],
                        outputs: [],
                    },
                    span: Span {
                        start_line: 0,
                        start_col: 0,
                        end_line: 0,
                        end_col: 0,
                    },
                },
                body: Spanned {
                    value: Block {
                        statements: [
                            Spanned {
                                value: Assignment {
                                    targets: [
                                        "results",
                                    ],
                                    value: Spanned {
                                        value: List {
                                            elements: [],
                                        },
                                        span: Span {
                                            start_line: 2,
                                            start_col: 14,
                                            end_line: 2,
                                            end_col: 16,
                                        },
                                    },
                                },
                                span: Span {
                                    start_line: 2,
                                    start_col: 4,
                                    end_line: 2,
                                    end_col: 16,
                                },
                            },
                            Spanned {
                                value: ForLoop {
                                    loop_vars: [
                                        "item",
                                    ],
                                    iterable: Spanned {
                                        value: Variable {
                                            name: "items",
                                        },
                                        span: Span {
                                            start_line: 3,
                                            start_col: 16,
                                            end_line: 3,
                                            end_col: 21,
                                        },
                                    },
                                    body: Spanned {
                                        value: Block {
                                            statements: [
                                                Spanned {
                                                    value: Assignment {
                                                        targets: [
                                                            "processed",
                                                        ],
                                                        value: Spanned {
                                                            value: ActionCall {
                                                                call: ActionCall {
                                                                    action_name: "concat_accum_process_value",
                                                                    kwargs: [
                                                                        Kwarg {
                                                                            name: "value",
                                                                            value: Spanned {
                                                                                value: Variable {
                                                                                    name: "item",
                                                                                },
                                                                                span: Span {
                                                                                    start_line: 4,
                                                                                    start_col: 40,
                                                                                    end_line: 4,
                                                                                    end_col: 44,
                                                                                },
                                                                            },
                                                                        },
                                                                    ],
                                                                    policies: [],
                                                                    module_name: Some(
                                                                        "for_concat_accumulator",
                                                                    ),
                                                                },
                                                            },
                                                            span: Span {
                                                                start_line: 4,
                                                                start_col: 8,
                                                                end_line: 4,
                                                                end_col: 45,
                                                            },
                                                        },
                                                    },
                                                    span: Span {
                                                        start_line: 4,
                                                        start_col: 8,
                                                        end_line: 4,
                                                        end_col: 45,
                                                    },
                                                },
                                                Spanned {
                                                    value: Assignment {
                                                        targets: [
                                                            "results",
                                                        ],
                                                        value: Spanned {
                                                            value: BinaryOp {
                                                                left: Spanned {
                                                                    value: Variable {
                                                                        name: "results",
                                                                    },
                                                                    span: Span {
                                                                        start_line: 5,
                                                                        start_col: 18,
                                                                        end_line: 5,
                                                                        end_col: 25,
                                                                    },
                                                                },
                                                                op: Add,
                                                                right: Spanned {
                                                                    value: List {
                                                                        elements: [
                                                                            Spanned {
                                                                                value: Variable {
                                                                                    name: "processed",
                                                                                },
                                                                                span: Span {
                                                                                    start_line: 5,
                                                                                    start_col: 29,
                                                                                    end_line: 5,
                                                                                    end_col: 38,
                                                                                },
                                                                            },
                                                                        ],
                                                                    },
                                                                    span: Span {
                                                                        start_line: 5,
                                                                        start_col: 28,
                                                                        end_line: 5,
                                                                        end_col: 39,
                                                                    },
                                                                },
                                                            },
                                                            span: Span {
                                                                start_line: 5,
                                                                start_col: 18,
                                                                end_line: 5,
                                                                end_col: 39,
                                                            },
                                                        },
                                                    },
                                                    span: Span {
                                                        start_line: 5,
                                                        start_col: 8,
                                                        end_line: 5,
                                                        end_col: 39,
                                                    },
                                                },
                                            ],
                                        },
                                        span: Span {
                                            start_line: 3,
                                            start_col: 4,
                                            end_line: 5,
                                            end_col: 39,
                                        },
                                    },
                                },
                                span: Span {
                                    start_line: 3,
                                    start_col: 4,
                                    end_line: 5,
                                    end_col: 39,
                                },
                            },
                            Spanned {
                                value: Return {
                                    value: Some(
                                        Spanned {
                                            value: Variable {
                                                name: "results",
                                            },
                                            span: Span {
                                                start_line: 6,
                                                start_col: 11,
                                                end_line: 6,
                                                end_col: 18,
                                            },
                                        },
                                    ),
                                },
                                span: Span {
                                    start_line: 6,
                                    start_col: 4,
                                    end_line: 6,
                                    end_col: 18,
                                },
                            },
                        ],
                    },
                    span: Span {
                        start_line: 0,
                        start_col: 0,
                        end_line: 0,
                        end_col: 0,
                    },
                },
            },
            span: Span {
                start_line: 1,
                start_col: 0,
                end_line: 6,
                end_col: 18,
            },
        },
    ],
}
