---
source: crates/lib/vm-compiler-for-ast-old/tests/python.rs
expression: bytecode for python/tests/fixtures_policy/policy_variations.py
---
fn main(input: [value], output: []):
    a = @policy_variations.action_with_timeout_int(value=value) [timeout: 1m]
    b = @policy_variations.action_with_timeout_minutes(value=a) [timeout: 2m]
    c = @policy_variations.action_with_retry_backoff(value=b) [retry: 2, backoff: 5s]
    d = @policy_variations.action_with_retry_exceptions(value=c) [ValueError, KeyError -> retry: 1]
    d_retry_default = @policy_variations.action_with_retry_default(value=d) [retry: 100]
    e = @policy_variations.action_with_timeout_hours(value=d_retry_default) [timeout: 1h]
    f = @policy_variations.action_with_timeout_days(value=e) [timeout: 24h]
    return f
---
f0: [9 registers]
  s0:
    ExtCallSet(ActionCall { dst: r1, action_ref: TestActionRef("action_with_timeout_int"), args: [r0], resume: s1 })
  s1:
    CoreSet(Await { dst: r1, src: r1, resume: s2 })
  s2:
    ExcSet(IsException { dst: r2, src: r1, exception_type_id: None })
    CoreSet(JumpIf { target_state: s4, cond: r2 })
    CoreSet(Jump { target_state: s3 })
  s3:
    ExtCallSet(ActionCall { dst: r3, action_ref: TestActionRef("action_with_timeout_minutes"), args: [r1], resume: s5 })
  s4:
    ExcSet(Raise { src: r1 })
  s5:
    CoreSet(Await { dst: r3, src: r3, resume: s6 })
  s6:
    ExcSet(IsException { dst: r2, src: r3, exception_type_id: None })
    CoreSet(JumpIf { target_state: s8, cond: r2 })
    CoreSet(Jump { target_state: s7 })
  s7:
    ExtCallSet(ActionCall { dst: r4, action_ref: TestActionRef("action_with_retry_backoff"), args: [r3], resume: s9 })
  s8:
    ExcSet(Raise { src: r3 })
  s9:
    CoreSet(Await { dst: r4, src: r4, resume: s10 })
  s10:
    ExcSet(IsException { dst: r2, src: r4, exception_type_id: None })
    CoreSet(JumpIf { target_state: s12, cond: r2 })
    CoreSet(Jump { target_state: s11 })
  s11:
    ExtCallSet(ActionCall { dst: r5, action_ref: TestActionRef("action_with_retry_exceptions"), args: [r4], resume: s13 })
  s12:
    ExcSet(Raise { src: r4 })
  s13:
    CoreSet(Await { dst: r5, src: r5, resume: s14 })
  s14:
    ExcSet(IsException { dst: r2, src: r5, exception_type_id: None })
    CoreSet(JumpIf { target_state: s16, cond: r2 })
    CoreSet(Jump { target_state: s15 })
  s15:
    ExtCallSet(ActionCall { dst: r6, action_ref: TestActionRef("action_with_retry_default"), args: [r5], resume: s17 })
  s16:
    ExcSet(Raise { src: r5 })
  s17:
    CoreSet(Await { dst: r6, src: r6, resume: s18 })
  s18:
    ExcSet(IsException { dst: r2, src: r6, exception_type_id: None })
    CoreSet(JumpIf { target_state: s20, cond: r2 })
    CoreSet(Jump { target_state: s19 })
  s19:
    ExtCallSet(ActionCall { dst: r7, action_ref: TestActionRef("action_with_timeout_hours"), args: [r6], resume: s21 })
  s20:
    ExcSet(Raise { src: r6 })
  s21:
    CoreSet(Await { dst: r7, src: r7, resume: s22 })
  s22:
    ExcSet(IsException { dst: r2, src: r7, exception_type_id: None })
    CoreSet(JumpIf { target_state: s24, cond: r2 })
    CoreSet(Jump { target_state: s23 })
  s23:
    ExtCallSet(ActionCall { dst: r8, action_ref: TestActionRef("action_with_timeout_days"), args: [r7], resume: s25 })
  s24:
    ExcSet(Raise { src: r7 })
  s25:
    CoreSet(Await { dst: r8, src: r8, resume: s26 })
  s26:
    ExcSet(IsException { dst: r2, src: r8, exception_type_id: None })
    CoreSet(JumpIf { target_state: s28, cond: r2 })
    CoreSet(Jump { target_state: s27 })
  s27:
    CoreSet(Return { src: r8 })
  s28:
    ExcSet(Raise { src: r8 })
