---
source: crates/lib/vm-compiler-for-ast-old/tests/python.rs
expression: bytecode for python/tests/fixtures_control_flow/try_except_catch_all.py
---
fn main(input: [], output: []):
    try:
        result = @try_except_catch_all.risky_action_catchall()
    except Exception as err:
        result = @try_except_catch_all.handle_catchall_error(error=err)
    return result
---
f0: [2 registers]
  s0:
    CoreSet(PushExceptionHandlers { handlers: [ExceptionHandler { handler_state: s2, exception_types: [], exception_dst: Some(r0) }] })
    ExtCallSet(ActionCall { dst: r1, action_ref: TestActionRef("risky_action_catchall"), args: [], resume: s3 })
  s1:
    CoreSet(Return { src: r1 })
  s2:
    ExtCallSet(ActionCall { dst: r1, action_ref: TestActionRef("handle_catchall_error"), args: [r0], resume: s5 })
  s3:
    CoreSet(Await { dst: r1, src: r1, resume: s4 })
  s4:
    CoreSet(Unwind { depth: 0 })
    CoreSet(Jump { target_state: s1 })
  s5:
    CoreSet(Await { dst: r1, src: r1, resume: s6 })
  s6:
    CoreSet(Jump { target_state: s1 })
