---
source: crates/lib/vm-compiler-for-ast-old/tests/python.rs
expression: bytecode for python/tests/fixtures_for_loop/for_multiple_calls.py
---
fn main(input: [items], output: []):
    results = []
    for item in items:
        a = @for_multiple_calls.for_step_one(item=item)
        b = @for_multiple_calls.for_step_two(value=a)
        results = results + [b]
    return results
---
f0: [9 registers]
  s0:
    PureSet(MakeList { dst: r1, items: [] })
    PureSet(Copy { dst: r2, src: r0 })
    PureSet(LoadConst { dst: r3, value: Int(0) })
    PureSet(Length { dst: r4, src: r2 })
    CoreSet(Jump { target_state: s1 })
  s1:
    PureSet(Binary { kind: Lt, op: BinaryOp { dst: r5, a: r3, b: r4 } })
    CoreSet(JumpIf { target_state: s2, cond: r5 })
    CoreSet(Jump { target_state: s4 })
  s2:
    PureSet(Index { dst: r5, object: r2, index: r3 })
    PureSet(Copy { dst: r6, src: r5 })
    ExtCallSet(ActionCall { dst: r7, action_ref: TestActionRef("for_step_one"), args: [r6], resume: s5 })
  s3:
    PureSet(LoadConst { dst: r5, value: Int(1) })
    PureSet(Binary { kind: Add, op: BinaryOp { dst: r3, a: r3, b: r5 } })
    CoreSet(Jump { target_state: s1 })
  s4:
    CoreSet(Return { src: r1 })
  s5:
    CoreSet(Await { dst: r7, src: r7, resume: s6 })
  s6:
    ExcSet(IsException { dst: r5, src: r7, exception_type_id: None })
    CoreSet(JumpIf { target_state: s8, cond: r5 })
    CoreSet(Jump { target_state: s7 })
  s7:
    ExtCallSet(ActionCall { dst: r8, action_ref: TestActionRef("for_step_two"), args: [r7], resume: s9 })
  s8:
    CoreSet(Return { src: r7 })
  s9:
    CoreSet(Await { dst: r8, src: r8, resume: s10 })
  s10:
    ExcSet(IsException { dst: r5, src: r8, exception_type_id: None })
    CoreSet(JumpIf { target_state: s12, cond: r5 })
    CoreSet(Jump { target_state: s11 })
  s11:
    PureSet(MakeList { dst: r5, items: [r8] })
    PureSet(Binary { kind: Add, op: BinaryOp { dst: r1, a: r1, b: r5 } })
    CoreSet(Jump { target_state: s3 })
  s12:
    CoreSet(Return { src: r8 })
