---
source: crates/lib/vm-compiler-for-ast-old/tests/python.rs
expression: bytecode for python/tests/fixtures_control_flow/for_simple.py
---
fn main(input: [], output: []):
    items = ["a", "b", "c"]
    results = []
    for item in items:
        processed = @for_simple.process_item_simple(item=item)
        results = results + [processed]
    return results
---
f0: [10 registers]
  s0:
    PureSet(LoadConst { dst: r1, value: String("a") })
    PureSet(LoadConst { dst: r2, value: String("b") })
    PureSet(LoadConst { dst: r3, value: String("c") })
    PureSet(MakeList { dst: r0, items: [r1, r2, r3] })
    PureSet(MakeList { dst: r4, items: [] })
    PureSet(Copy { dst: r5, src: r0 })
    PureSet(LoadConst { dst: r6, value: Int(0) })
    PureSet(Length { dst: r7, src: r5 })
    CoreSet(Jump { target_state: s1 })
  s1:
    PureSet(Binary { kind: Lt, op: BinaryOp { dst: r3, a: r6, b: r7 } })
    CoreSet(JumpIf { target_state: s2, cond: r3 })
    CoreSet(Jump { target_state: s4 })
  s2:
    PureSet(Index { dst: r3, object: r5, index: r6 })
    PureSet(Copy { dst: r8, src: r3 })
    ExtCallSet(ActionCall { dst: r9, action_ref: TestActionRef("process_item_simple"), args: [r8], resume: s5 })
  s3:
    PureSet(LoadConst { dst: r3, value: Int(1) })
    PureSet(Binary { kind: Add, op: BinaryOp { dst: r6, a: r6, b: r3 } })
    CoreSet(Jump { target_state: s1 })
  s4:
    CoreSet(Return { src: r4 })
  s5:
    CoreSet(Await { dst: r9, src: r9, resume: s6 })
  s6:
    PureSet(MakeList { dst: r3, items: [r9] })
    PureSet(Binary { kind: Add, op: BinaryOp { dst: r4, a: r4, b: r3 } })
    CoreSet(Jump { target_state: s3 })
