---
source: crates/lib/vm-compiler-for-ast-old/tests/python.rs
expression: bytecode for python/tests/fixtures_for_loop/for_concat_accumulator.py
---
fn main(input: [items], output: []):
    results = []
    for item in items:
        processed = @for_concat_accumulator.concat_accum_process_value(value=item)
        results = results + [processed]
    return results
---
f0: [8 registers]
  s0:
    PureSet(MakeList { dst: r1, items: [] })
    PureSet(Copy { dst: r2, src: r0 })
    PureSet(LoadConst { dst: r3, value: Int(0) })
    PureSet(Length { dst: r4, src: r2 })
    CoreSet(Jump { target_state: s1 })
  s1:
    PureSet(Binary { kind: Lt, op: BinaryOp { dst: r5, a: r3, b: r4 } })
    CoreSet(JumpIf { target_state: s2, cond: r5 })
    CoreSet(Jump { target_state: s4 })
  s2:
    PureSet(Index { dst: r5, object: r2, index: r3 })
    PureSet(Copy { dst: r6, src: r5 })
    ExtCallSet(ActionCall { dst: r7, action_ref: TestActionRef("concat_accum_process_value"), args: [r6], resume: s5 })
  s3:
    PureSet(LoadConst { dst: r5, value: Int(1) })
    PureSet(Binary { kind: Add, op: BinaryOp { dst: r3, a: r3, b: r5 } })
    CoreSet(Jump { target_state: s1 })
  s4:
    CoreSet(Return { src: r1 })
  s5:
    CoreSet(Await { dst: r7, src: r7, resume: s6 })
  s6:
    PureSet(MakeList { dst: r5, items: [r7] })
    PureSet(Binary { kind: Add, op: BinaryOp { dst: r1, a: r1, b: r5 } })
    CoreSet(Jump { target_state: s3 })
