---
source: crates/lib/vm-compiler-for-ast-old/tests/python.rs
expression: bytecode for python/tests/fixtures_sleep/sleep_aliased_import.py
---
fn main(input: [], output: []):
    val = @sleep_aliased_import.get_value_aliased_import()
    sleep 3
    _return_tmp = @sleep_aliased_import.format_done_aliased_import(value=val)
    return _return_tmp
---
f0: [4 registers]
  s0:
    ExtCallSet(ActionCall { dst: r0, action_ref: TestActionRef("get_value_aliased_import"), args: [], resume: s1 })
  s1:
    CoreSet(Await { dst: r0, src: r0, resume: s2 })
  s2:
    ExcSet(IsException { dst: r1, src: r0, exception_type_id: None })
    CoreSet(JumpIf { target_state: s4, cond: r1 })
    CoreSet(Jump { target_state: s3 })
  s3:
    PureSet(LoadConst { dst: r2, value: Int(3) })
    ExtCallSet(Sleep { dst: r1, duration: r2, resume: s5 })
  s4:
    ExcSet(Raise { src: r0 })
  s5:
    CoreSet(Await { dst: r1, src: r1, resume: s6 })
  s6:
    ExcSet(IsException { dst: r2, src: r1, exception_type_id: None })
    CoreSet(JumpIf { target_state: s8, cond: r2 })
    CoreSet(Jump { target_state: s7 })
  s7:
    ExtCallSet(ActionCall { dst: r3, action_ref: TestActionRef("format_done_aliased_import"), args: [r0], resume: s9 })
  s8:
    ExcSet(Raise { src: r1 })
  s9:
    CoreSet(Await { dst: r3, src: r3, resume: s10 })
  s10:
    ExcSet(IsException { dst: r1, src: r3, exception_type_id: None })
    CoreSet(JumpIf { target_state: s12, cond: r1 })
    CoreSet(Jump { target_state: s11 })
  s11:
    CoreSet(Return { src: r3 })
  s12:
    ExcSet(Raise { src: r3 })
