---
source: crates/lib/vm-compiler-for-ast-old/tests/python.rs
expression: bytecode for python/tests/fixtures_actions/action_no_assignment.py
---
f0: [3 registers]
  s0:
    PureSet(LoadConst { dst: r1, value: String("starting") })
    ExtCallSet(ActionCall { dst: r0, action_ref: TestActionRef("log_event"), args: [r1], resume: s1 })
  s1:
    CoreSet(Await { dst: r0, src: r0, resume: s2 })
  s2:
    ExtCallSet(ActionCall { dst: r2, action_ref: TestActionRef("get_final_value"), args: [], resume: s3 })
  s3:
    CoreSet(Await { dst: r2, src: r2, resume: s4 })
  s4:
    PureSet(LoadConst { dst: r1, value: String("finished") })
    ExtCallSet(ActionCall { dst: r0, action_ref: TestActionRef("log_event"), args: [r1], resume: s5 })
  s5:
    CoreSet(Await { dst: r0, src: r0, resume: s6 })
  s6:
    CoreSet(Return { src: r2 })
