---
source: crates/lib/vm-compiler-for-ast-old/tests/python.rs
expression: bytecode for python/tests/fixtures_models/dataclass_action_arg.py
---
f0: [4 registers]
  s0:
    ExtCallSet(ActionCall { dst: r0, action_ref: TestActionRef("get_data_items"), args: [], resume: s1 })
  s1:
    CoreSet(Await { dst: r0, src: r0, resume: s2 })
  s2:
    PureSet(LoadConst { dst: r2, value: String("items") })
    PureSet(MakeDict { dst: r3, entries: [DictEntry { key: r2, value: r0 }] })
    ExtCallSet(ActionCall { dst: r1, action_ref: TestActionRef("process_data"), args: [r3], resume: s3 })
  s3:
    CoreSet(Await { dst: r1, src: r1, resume: s4 })
  s4:
    PureSet(Dot { dst: r3, object: r1, attribute: "count" })
    CoreSet(Return { src: r3 })
