---
source: crates/lib/vm-compiler-for-ast-old/tests/python.rs
expression: bytecode for python/tests/fixtures_gather/gather_simple.py
---
f0: [4 registers]
  s0:
    ExtCallSet(ActionCall { dst: r2, action_ref: TestActionRef("action_a"), args: [], resume: s1 })
  s1:
    ExtCallSet(ActionCall { dst: r3, action_ref: TestActionRef("action_b"), args: [], resume: s2 })
  s2:
    CoreSet(Await { dst: r0, src: r2, resume: s3 })
  s3:
    CoreSet(Await { dst: r1, src: r3, resume: s4 })
  s4:
    PureSet(MakeList { dst: r3, items: [r0, r1] })
    CoreSet(Return { src: r3 })
