---
source: crates/lib/vm-compiler-for-ast-old/tests/python.rs
expression: bytecode for python/tests/fixtures_conditional/if_await_action_condition.py
---
fn main(input: [value], output: []):
    __if_cond_1__ = @if_await_action_condition.is_even(value=value)
    if __if_cond_1__:
        return 1
    return 0
---
f0: [3 registers]
  s0:
    ExtCallSet(ActionCall { dst: r1, action_ref: TestActionRef("is_even"), args: [r0], resume: s1 })
  s1:
    CoreSet(Await { dst: r1, src: r1, resume: s2 })
  s2:
    ExcSet(IsException { dst: r2, src: r1, exception_type_id: None })
    CoreSet(JumpIf { target_state: s4, cond: r2 })
    CoreSet(Jump { target_state: s3 })
  s3:
    CoreSet(JumpIf { target_state: s6, cond: r1 })
    CoreSet(Jump { target_state: s5 })
  s4:
    ExcSet(Raise { src: r1 })
  s5:
    PureSet(LoadConst { dst: r2, value: Int(0) })
    CoreSet(Return { src: r2 })
  s6:
    PureSet(LoadConst { dst: r2, value: Int(1) })
    CoreSet(Return { src: r2 })
